
=== list all groups ===

[{
    "day": "lundi",
    "hour": 18,
    "court": "1",
    "level": "vert",
    "size": 6,
    "year": 2008,
    "id": "_lundi_18_1",
    "member": [],
    "isfree": true
}, {
    "day": "lundi",
    "hour": 19,
    "court": 2,
    "level": "violet",
    "size": 6,
    "year": 2010,
    "id": "_lundi_19_2",
    "member": [],
    "isfree": true
}, {
    "level": "vert",
    "size": 4,
    "year": 2008,
    "day": "mardi",
    "hour": 17,
    "court": 2,
    "id": "_mardi_17_2",
    "member": [{
        "name": "a",
        "firstname": "a",
        "year": 2008,
        "group_id": "_mardi_17_2",
        "id": "_a_a"
    }, {
        "name": "b",
        "firstname": "b",
        "year": 2008,
        "group_id": "_mardi_17_2",
        "id": "_b_b"
    }, {
        "name": "c",
        "firstname": "c",
        "year": 2008,
        "group_id": "_mardi_17_2",
        "id": "_c_c"
    }, {
        "name": "d",
        "firstname": "d",
        "year": 2008,
        "group_id": "_mardi_17_2",
        "id": "_d_d"
    }],
    "isfree": false
}]
HTTP200
=== list groups 2008 ===

[{
    "day": "lundi",
    "hour": 18,
    "court": "1",
    "level": "vert",
    "size": 6,
    "year": 2008,
    "id": "_lundi_18_1",
    "member": [],
    "isfree": true
}, {
    "level": "vert",
    "size": 4,
    "year": 2008,
    "day": "mardi",
    "hour": 17,
    "court": 2,
    "id": "_mardi_17_2",
    "member": [{
        "name": "a",
        "firstname": "a",
        "year": 2008,
        "group_id": "_mardi_17_2",
        "id": "_a_a"
    }, {
        "name": "b",
        "firstname": "b",
        "year": 2008,
        "group_id": "_mardi_17_2",
        "id": "_b_b"
    }, {
        "name": "c",
        "firstname": "c",
        "year": 2008,
        "group_id": "_mardi_17_2",
        "id": "_c_c"
    }, {
        "name": "d",
        "firstname": "d",
        "year": 2008,
        "group_id": "_mardi_17_2",
        "id": "_d_d"
    }],
    "isfree": false
}]
HTTP200
=== list groups vert ===

[{
    "day": "lundi",
    "hour": 18,
    "court": "1",
    "level": "vert",
    "size": 6,
    "year": 2008,
    "id": "_lundi_18_1",
    "member": [],
    "isfree": true
}, {
    "level": "vert",
    "size": 4,
    "year": 2008,
    "day": "mardi",
    "hour": 17,
    "court": 2,
    "id": "_mardi_17_2",
    "member": [{
        "name": "a",
        "firstname": "a",
        "year": 2008,
        "group_id": "_mardi_17_2",
        "id": "_a_a"
    }, {
        "name": "b",
        "firstname": "b",
        "year": 2008,
        "group_id": "_mardi_17_2",
        "id": "_b_b"
    }, {
        "name": "c",
        "firstname": "c",
        "year": 2008,
        "group_id": "_mardi_17_2",
        "id": "_c_c"
    }, {
        "name": "d",
        "firstname": "d",
        "year": 2008,
        "group_id": "_mardi_17_2",
        "id": "_d_d"
    }],
    "isfree": false
}]
HTTP200
=== list groups vert free ===

[{
    "day": "lundi",
    "hour": 18,
    "court": "1",
    "level": "vert",
    "size": 6,
    "year": 2008,
    "id": "_lundi_18_1",
    "member": [],
    "isfree": true
}]
HTTP200
=== add group _mercredi_10_1 rouge ===

Created
HTTP201
id=1533217100025

=== show group rouge ===

[{
    "day": "mercredi",
    "hour": 10,
    "court": "1",
    "level": "rouge",
    "size": 6,
    "year": 2005,
    "id": 1533217100025,
    "member": [],
    "isfree": true
}]
HTTP200
=== add member ===

Created
HTTP201
id=1533217100330

=== show group with new member ===

[{
    "day": "lundi",
    "hour": 18,
    "court": "1",
    "level": "vert",
    "size": 6,
    "year": 2008,
    "id": "_lundi_18_1",
    "member": [{
        "name": "TONELLI",
        "firstname": "hugo",
        "year": 2008,
        "group_id": "_lundi_18_1",
        "id": 1533217100330
    }],
    "isfree": true
}]
HTTP200
=== show group member ===

[{
    "name": "TONELLI",
    "firstname": "hugo",
    "year": 2008,
    "group_id": "_lundi_18_1",
    "id": 1533217100330,
    "group": [{
        "day": "lundi",
        "hour": 18,
        "court": "1",
        "level": "vert",
        "size": 6,
        "year": 2008,
        "id": "_lundi_18_1"
    }]
}]
HTTP200
=== duplicate member ===

[{
    "msg": "membre existe déjà"
}]
HTTP400
=== delete member ===

HTTP204
=== show vert with no member ===

[{
    "day": "lundi",
    "hour": 18,
    "court": "1",
    "level": "vert",
    "size": 6,
    "year": 2008,
    "id": "_lundi_18_1",
    "member": [],
    "isfree": true
}]
HTTP200
=== update group _lundi_18_1 ===

OK
HTTP200
=== show updated group (size 4) ===

[{
    "day": "lundi",
    "hour": 18,
    "court": "1",
    "level": "vert",
    "size": 4,
    "year": 2008,
    "id": "_lundi_18_1",
    "member": [],
    "isfree": true
}]
HTTP200
=== update group _lundi_18_1 back ===

OK
HTTP200
=== delete group _mercredi_10_1 ===

HTTP204
=== show group rouge (none) ===

[]
HTTP200